// Jest Snapshot v1, https://goo.gl/fbAQLP

exports[`should render expenselist with expenses 1`] = `
<div>
  <Connect(ExpenseListFilter) />
  <Connect(ExpenseList) />
</div>
`;
