// Jest Snapshot v1, https://goo.gl/fbAQLP

exports[`should render login page correctly 1`] = `
<div
  className="box-layout"
>
  <div
    className="box-layout__box"
  >
    <h1
      className="box-layout__title"
    >
      Budget
    </h1>
    <p>
      It's time to go, sly is waiting for me
    </p>
    <button
      className="button btn-4"
      onClick={[MockFunction]}
    >
      <span>
        Login with Google
      </span>
    </button>
  </div>
</div>
`;
