// Jest Snapshot v1, https://goo.gl/fbAQLP

exports[`should render not found page correctly 1`] = `
<div>
  Getting Lost...
  <Link
    replace={false}
    to="/"
  >
    Go home
  </Link>
</div>
`;
